// Jest Snapshot v1, https://goo.gl/fbAQLP

exports[`Typography component should render the component as body1 when variant is not defined 1`] = `
Array [
  ".text-0-2-1 {}
.text-d0-0-2-2 {
  font-family: Helvetica Now Display;
  font-weight: 400;
  font-size: 16px;
  line-height: 1.5;
  letter-spacing: 0.51px;
  text-transform: none;
}",
  <div>
    <div>
      <p
        class="text-0-2-1 text-d0-0-2-2"
      >
        hello
      </p>
    </div>
  </div>,
]
`;
