// Jest Snapshot v1, https://goo.gl/fbAQLP

exports[`Image component should render correctly with default props 1`] = `
Array [
  ".wrapper-0-2-1 {
  overflow: hidden;
  position: relative;
}
.wrapper-0-2-1 > img {
  width: 100%;
  height: 100%;
}
.overlay-0-2-2 {
  top: 0;
  left: 0;
  right: 0;
  bottom: 0;
  padding: 4px;
  position: absolute;
}
.wrapper-d0-0-2-3 {
  border-radius: none;
}
.overlay-d1-0-2-4 {
  background: transparent;
}",
  <div>
    <div
      class=" wrapper-0-2-1 wrapper-d0-0-2-3"
    >
      <img
        alt=""
        src="#"
      />
    </div>
  </div>,
]
`;
